[backblue.gif]
[fade.gif]
[index.html]
[ajax.googleapis.com/ajax/libs/webfont/1.6.26/webfont.js]
[blix.dev/images/favicon.png]
[blix.dev/images/webclip.png]
[blix.dev/images/Blix-logo-horizontally---white.png]
[blix.dev/images/mdi_twitter.png]
[blix.dev/images/akar-icons_medium-fill.png]
[blix.dev/images/codicon_github-inverted.png]
[blix.dev/images/menu-icon.png]
[blix.dev/images/puzzle-icon.png]
[blix.dev/images/Union.png]
[blix.dev/images/Group-2726.png]
[blix.dev/images/Vector.png]
[blix.dev/images/Vector-220.png]
[blix.dev/images/Vector-219.png]
[blix.dev/videos/PAGE3-transcode.mp4]
[blix.dev/videos/PAGE3-transcode.webm]
[blix.dev/images/Vector-221.png]
[blix.dev/videos/page-4-transcode.mp4]
[blix.dev/videos/page-4-transcode.webm]
[blix.dev/images/material-symbols_check-small-rounded_1.png]
[blix.dev/images/material-symbols_check-small-rounded.png]
[blix.dev/images/gear.png]
[d3e54v103j8qbb.cloudfront.net/js/jquery-3.5.1.min.dc5e7f18c8ed99.js]
[blix.dev/js/webflow.js]
[blix.dev/index.html]
[blix.dev/css/normalize.css]
[blix.dev/css/webflow.css]
[blix.dev/images/Frame-4.jpg]
[blix.dev/images/Frame-3.jpg]
[blix.dev/images/Frame-61.jpg]
[blix.dev/images/Frame-62.jpg]
[blix.dev/images/Frame-2.jpg]
[blix.dev/images/logo_1.png]
[blix.dev/images/logos_youtube-icon_1logos_youtube-icon.png]
[blix.dev/images/logos_youtube-icon_2logos_youtube-icon.png]
[blix.dev/images/Frame-64.jpg]
[blix.dev/images/Frame-60.jpg]
[blix.dev/images/Frame-59.jpg]
[blix.dev/fonts/Pretendard-ExtraBold.woff]
[blix.dev/fonts/Pretendard-Bold.woff]
[blix.dev/fonts/Pretendard-Black.woff]
[blix.dev/fonts/Pretendard-Thin.woff]
[blix.dev/fonts/Pretendard-SemiBold.woff]
[blix.dev/fonts/Pretendard-Medium.woff]
[blix.dev/fonts/Pretendard-Light.woff]
[blix.dev/fonts/Pretendard-Regular.woff]
[blix.dev/fonts/Pretendard-ExtraLight.woff]
[blix.dev/css/blixx.webflow.css]
[blix.dev/index-2.html]
[blix.dev/joinus.html]
[blix.dev/_videos/PAGE3-poster-00001.jpg_]
[blix.dev/_videos/page-4-poster-00001.jpg_]
[blix.dev/images/portfolio-2---wide.svg]
[blix.dev/images/portfolio-1---wide.svg]
[blix.dev/images/portfolio-3---wide.svg]
